{
    "relation": [
        [
            "Sandpoint",
            "real",
            "user",
            "sys",
            "Compressed Kernel",
            "Uncompressed kernel"
        ],
        [
            "2.4.25",
            "77.7s",
            "268.2s",
            "28.3s",
            "887.9kB",
            "2086.4kB"
        ],
        [
            "2.6.11.7",
            "101.6s",
            "348.6s",
            "39.4s",
            "1123.5kB",
            "2513.6kB"
        ],
        [
            "Delta",
            "+ 31 %",
            "+ 30 %",
            "+ 39 %",
            "+ 27 %",
            "+ 20 %"
        ]
    ],
    "pageTitle": "Linux24vs26 < Know < DENX",
    "title": "",
    "url": "http://www.denx.de/wiki/Know/Linux24vs26?sortcol=0&table=6&up=0",
    "hasHeader": true,
    "headerPosition": "FIRST_ROW",
    "tableType": "RELATION",
    "tableNum": 0,
    "s3Link": "common-crawl/crawl-data/CC-MAIN-2015-32/segments/1438042988305.14/warc/CC-MAIN-20150728002308-00017-ip-10-236-191-2.ec2.internal.warc.gz",
    "recordEndOffset": 397098414,
    "recordOffset": 397090212,
    "tableOrientation": "HORIZONTAL",
    "textBeforeTable": "Results: uImage-2.6.11.7-TQM860L: Linux 2.6.11.7 U-Boot image for TQM860L board config-2.6.11.7-TQM860L: Linux 2.6.11.7 config file for TQM860L board 1497745 79248 64248 1641241 190b19 vmlinux text data bss dec hex filename -> size vmlinux sys 0m29.351s user 4m11.517s real 1m12.198s ... Data Size: 723718 Bytes = 706.76 kB = 0.69 MB Image Type: PowerPC Linux Kernel Image (gzip compressed) Created: Sat Apr 23 17:14:19 2005 Image Name: Linux-2.6.11.7 ... -> time make -j8 ARCH=ppc CROSS_COMPILE=ppc_8xx- uImage -> make ARCH=ppc CROSS_COMPILE=ppc_8xx- oldconfig -> cp ../config-2.6.11.7-TQM860L .config -> export CROSS_COMPILE=ppc_8xx- TQM860L Board:      uImage-2.6.11.7-Sandpoint: Linux 2.6.11.7 U-Boot image for Sandpoint board   config-2.6.11.7-Sandpoint: Linux 2.6.11.7 config file for Sandpoint board  2253870 226316 93720 2573906 274652 vmlinux text data bss dec hex filename -> size vmlinux sys 0m39.444s user 5m48.509s real 1m41.571s ... Data Size: 1150438 Bytes = 1123.47 kB = 1.10 MB Image Type: PowerPC Linux Kernel Image (gzip compressed) Created: Sat Apr 23 16:42:11 2005 Image Name: Linux-2.6.11.7 ... -> time make -j8 ARCH=ppc CROSS_COMPILE=ppc_82xx- uImage -> make ARCH=ppc CROSS_COMPILE=ppc_82xx- sandpoint_defconfig -> export CROSS_COMPILE=ppc_82xx- Sandpoint Board:   2.6.11.7:     uImage-2.4.25-TQM860L: Linux 2.4.25 U-Boot image for TQM860L board   config-2.4.25-TQM860L: Linux 2.4.25 config file for TQM860L board  1025524 50008 142596 1218128 129650 vmlinux text data bss dec hex filename -> size vmlinux sys 0m19.589s user 2m55.328s",
    "textAfterTable": "TQM860L 2.4.25 2.6.11.7 Delta real 50.3s 72.2s + 43 % user 175.3s 251.5s + 43 % sys 19.6s 29.4s + 50 % Compressed Kernel 495.8kB 706.8kB + 43 % Uncompressed kernel 1189.6kB 1602.8kB + 35 % Booting Linux: The kernel images were booted in the same environment with root filesystem over NFS in an idle network. The timings were recorded in the following log files: BOOTLOG-2.4.25-TQM860L: Timed bootlog for Linux 2.4.25 on TQM860L board BOOTLOG-2.4.25-Sandpoint: Timed bootlog for Linux 2.4.25 on Sandpoint board BOOTLOG-2.6.11.7-TQM860L: Timed bootlog for Linux 2.6.11.7 on TQM860L board BOOTLOG-2.6.11.7-Sandpoint: Timed bootlog for Linux 2.6.11.7 on Sandpoint board Results:",
    "hasKeyColumn": true,
    "keyColumnIndex": 0,
    "headerRowIndex": 0
}