{
    "relation": [
        [
            "Task",
            "Get Gumstix Overo Fire up and running Monitor, keyboard, mouse Ethernet when using Tobi expansion board",
            "Update image and boot from microSD",
            "WiFi[1][2]",
            "Bluetooth[3]",
            "Flash updated image to NAND",
            "Power consumption (with and without WiFi and BT) During boot: 250 mA After boot with WiFi & BT: 350-400 mA After boot with WiFi & BT signals off[4]: TBD",
            "Development environment",
            "Hardware DSP TI Gstreamer plugins GST-DSP (v0.8.0 announcement)"
        ],
        [
            "Status",
            "100%",
            "100%",
            "",
            "",
            "TBC",
            "70%",
            "",
            ""
        ]
    ],
    "pageTitle": "OMAP3530 VPU - MyLabWiki",
    "title": "",
    "url": "http://wiki.oz9aec.net/index.php?title=OMAP3530_VPU&oldid=1738",
    "hasHeader": true,
    "headerPosition": "FIRST_ROW",
    "tableType": "RELATION",
    "tableNum": 0,
    "s3Link": "common-crawl/crawl-data/CC-MAIN-2015-32/segments/1438042986423.95/warc/CC-MAIN-20150728002306-00115-ip-10-236-191-2.ec2.internal.warc.gz",
    "recordEndOffset": 270706011,
    "recordOffset": 270693086,
    "tableOrientation": "HORIZONTAL",
    "TableContextTimeStampBeforeTable": "{2635=We learned about an opportunity to fly onboard an amateur rocket (up to 3 km high). Flight will take place on October 3, 2010. Time is very short so we will be focusing on getting the Gumstix Overo Fire up and running, and have it record video during the flight. No real time video downlink., 2231=OS version: Angstrom 2010.7-test-20100909}",
    "textBeforeTable": "General tasks Tasks Swap: 0 0 0 -/+ buffers/cache: 14156 227700 Mem: 241856 45052 196804 0 3900 26996 total used free shared buffers cached root@overo:~# free -k tmpfs 118.1M 0 118.1M 0% /media/ram tmpfs 118.1M 0 118.1M 0% /dev/shm tmpfs 118.1M 344.0K 117.8M 0% /var/volatile /dev/mmcblk0p1 38.6M 3.2M 35.3M 8% /media/mmcblk0p1 /dev/mmcblk0p2 1.8G 154.7M 1.5G 9% /media/mmcblk0p2 none 118.1M 188.0K 117.9M 0% /dev devtmpfs 118.1M 188.0K 117.9M 0% /dev /dev/root 1.8G 154.7M 1.5G 9% / Filesystem Size Used Available Use% Mounted on  root@overo:~# df -h Console image Swap: 0 0 0 -/+ buffers/cache: 36544 465208 Mem: 501752 103500 398252 0 7784 59172 total used free shared buffers cached root@overo:~# free -k tmpfs 245.0M 0 245.0M 0% /media/ram tmpfs 245.0M 0 245.0M 0% /dev/shm tmpfs 245.0M 1.5M 243.5M 1% /var/volatile /dev/mmcblk0p1 38.6M 3.2M 35.3M 8% /media/mmcblk0p1 /dev/mmcblk0p2 1.8G 595.2M 1.1G 35% /media/mmcblk0p2 none 245.0M 188.0K 244.8M 0% /dev tmpfs 40.0K 0 40.0K 0% /mnt/.splash devtmpfs 245.0M 188.0K 244.8M 0% /dev /dev/root 1.8G 595.2M 1.1G 35% / Filesystem Size Used Available Use% Mounted on  root@overo:~# df -h Desktop Image OS version: Angstrom 2010.7-test-20100909  Configuration   We learned about an opportunity to fly onboard an amateur rocket (up to 3 km high). Flight will take place on October 3, 2010. Time is very short so we will be focusing on getting the Gumstix Overo Fire up and running, and have it record video during the flight.",
    "textAfterTable": "For flight Task Status Console image Standard Gumstix console image Minimal quick-booting image[5] Software to capture and save video from camera during flight Software working on desktop computers, see Gstreamer cheat sheet Use Gstreamer to capture raw frames (too much data) Use guvcview to capture MJPG stream (see log entry) Use custom uvccapture to capture individual JPG frames (not fast enough, see log entry) \u2192 TBD selected 10% Pinto-TH breakout board Canceled Using Summit due to need for TTY Disable WiFi and BT Overo Air bluetooth and wifi power Simply write 0 to the reset signals[4](TBC) TBC Batteries Mounting hardware Power budget To be written We have about 7 watts at our disposal. Mass budget To be written Anticipated weight of electronics, camera and battery not including the mounting hardware is 120 grams. Resources",
    "hasKeyColumn": false,
    "keyColumnIndex": -1,
    "headerRowIndex": 0
}